// Jest Snapshot v1, https://goo.gl/fbAQLP

exports[`Search should match the snapshot 1`] = `
<div
  className="Search"
>
  <section
    className="searchTitle"
  >
    <h2>
      Google Books
    </h2>
  </section>
  <form
    className="searchForm"
  >
    <input
      name="search"
      onChange={[Function]}
      placeholder="Enter Your Search"
      type="search"
      value=""
    />
    <button
      className="btnClick"
      onClick={[Function]}
      type="submit"
    >
      Search
    </button>
  </form>
</div>
`;
